rope_llama3_s1               t=1   trial=0 base   native=   0.085 ort=   0.012 ratio= 6.903 parity=PASS
rope_llama3_s1               t=1   trial=1 base   native=   0.083 ort=   0.013 ratio= 6.495 parity=PASS
rope_llama3_s1               t=1   trial=2 base   native=   0.086 ort=   0.012 ratio= 7.034 parity=PASS
rope_llama3_s1               t=1   trial=3 base   native=   0.083 ort=   0.014 ratio= 6.037 parity=PASS
rope_llama3_s1               t=1   trial=4 base   native=   0.081 ort=   0.011 ratio= 7.222 parity=PASS
rope_llama3_s1               t=8   trial=0 base   native=   0.086 ort=   0.013 ratio= 6.797 parity=PASS
rope_llama3_s1               t=8   trial=1 base   native=   0.089 ort=   0.012 ratio= 7.698 parity=PASS
rope_llama3_s1               t=8   trial=2 base   native=   0.079 ort=   0.011 ratio= 7.345 parity=PASS
rope_llama3_s1               t=8   trial=3 base   native=   0.082 ort=   0.011 ratio= 7.189 parity=PASS
rope_llama3_s1               t=8   trial=4 base   native=   0.091 ort=   0.012 ratio= 7.690 parity=PASS
rope_llama3_s1               t=16  trial=0 base   native=   0.084 ort=   0.013 ratio= 6.699 parity=PASS
rope_llama3_s1               t=16  trial=1 base   native=   0.080 ort=   0.011 ratio= 7.423 parity=PASS
rope_llama3_s1               t=16  trial=2 base   native=   0.082 ort=   0.012 ratio= 7.133 parity=PASS
rope_llama3_s1               t=16  trial=3 base   native=   0.079 ort=   0.011 ratio= 7.363 parity=PASS
rope_llama3_s1               t=16  trial=4 base   native=   0.075 ort=   0.010 ratio= 7.408 parity=PASS
rope_llama3_b8_s1            t=1   trial=0 base   native=   0.098 ort=   0.019 ratio= 5.093 parity=PASS
rope_llama3_b8_s1            t=1   trial=1 base   native=   0.100 ort=   0.018 ratio= 5.614 parity=PASS
rope_llama3_b8_s1            t=1   trial=2 base   native=   0.097 ort=   0.018 ratio= 5.291 parity=PASS
rope_llama3_b8_s1            t=1   trial=3 base   native=   0.098 ort=   0.018 ratio= 5.355 parity=PASS
rope_llama3_b8_s1            t=1   trial=4 base   native=   0.097 ort=   0.019 ratio= 5.174 parity=PASS
rope_llama3_b8_s1            t=8   trial=0 base   native=   0.105 ort=   0.024 ratio= 4.365 parity=PASS
rope_llama3_b8_s1            t=8   trial=1 base   native=   0.093 ort=   0.019 ratio= 5.012 parity=PASS
rope_llama3_b8_s1            t=8   trial=2 base   native=   0.094 ort=   0.018 ratio= 5.198 parity=PASS
rope_llama3_b8_s1            t=8   trial=3 base   native=   0.098 ort=   0.020 ratio= 4.971 parity=PASS
rope_llama3_b8_s1            t=8   trial=4 base   native=   0.094 ort=   0.017 ratio= 5.599 parity=PASS
rope_llama3_b8_s1            t=16  trial=0 base   native=   0.095 ort=   0.019 ratio= 5.061 parity=PASS
rope_llama3_b8_s1            t=16  trial=1 base   native=   0.098 ort=   0.021 ratio= 4.641 parity=PASS
rope_llama3_b8_s1            t=16  trial=2 base   native=   0.095 ort=   0.020 ratio= 4.758 parity=PASS
rope_llama3_b8_s1            t=16  trial=3 base   native=   0.090 ort=   0.018 ratio= 5.069 parity=PASS
rope_llama3_b8_s1            t=16  trial=4 base   native=   0.103 ort=   0.029 ratio= 3.492 parity=PASS
rope_llama3_s128             t=1   trial=0 base   native=   0.499 ort=   0.151 ratio= 3.312 parity=PASS
rope_llama3_s128             t=1   trial=1 base   native=   0.489 ort=   0.160 ratio= 3.054 parity=PASS
rope_llama3_s128             t=1   trial=2 base   native=   0.510 ort=   0.156 ratio= 3.262 parity=PASS
rope_llama3_s128             t=1   trial=3 base   native=   0.516 ort=   0.158 ratio= 3.254 parity=PASS
rope_llama3_s128             t=1   trial=4 base   native=   0.481 ort=   0.144 ratio= 3.347 parity=PASS
rope_llama3_s128             t=8   trial=0 base   native=   0.573 ort=   0.039 ratio=14.653 parity=PASS
rope_llama3_s128             t=8   trial=1 base   native=   0.614 ort=   0.043 ratio=14.244 parity=PASS
rope_llama3_s128             t=8   trial=2 base   native=   0.639 ort=   0.048 ratio=13.286 parity=PASS
rope_llama3_s128             t=8   trial=3 base   native=   0.449 ort=   0.039 ratio=11.555 parity=PASS
rope_llama3_s128             t=8   trial=4 base   native=   0.542 ort=   0.043 ratio=12.479 parity=PASS
rope_llama3_s128             t=16  trial=0 base   native=   0.734 ort=   0.049 ratio=14.837 parity=PASS
rope_llama3_s128             t=16  trial=1 base   native=   0.630 ort=   0.039 ratio=16.155 parity=PASS
rope_llama3_s128             t=16  trial=2 base   native=   0.627 ort=   0.039 ratio=16.146 parity=PASS
rope_llama3_s128             t=16  trial=3 base   native=   0.668 ort=   0.043 ratio=15.616 parity=PASS
rope_llama3_s128             t=16  trial=4 base   native=   0.716 ort=   0.041 ratio=17.555 parity=PASS
rope_llama3_s512             t=1   trial=0 base   native=   1.079 ort=   0.486 ratio= 2.223 parity=PASS
rope_llama3_s512             t=1   trial=1 base   native=   1.070 ort=   0.502 ratio= 2.131 parity=PASS
rope_llama3_s512             t=1   trial=2 base   native=   1.092 ort=   0.499 ratio= 2.191 parity=PASS
rope_llama3_s512             t=1   trial=3 base   native=   1.167 ort=   0.541 ratio= 2.157 parity=PASS
rope_llama3_s512             t=1   trial=4 base   native=   1.101 ort=   0.507 ratio= 2.171 parity=PASS
rope_llama3_s512             t=8   trial=0 base   native=   0.827 ort=   0.146 ratio= 5.654 parity=PASS
rope_llama3_s512             t=8   trial=1 base   native=   0.813 ort=   0.177 ratio= 4.597 parity=PASS
rope_llama3_s512             t=8   trial=2 base   native=   0.856 ort=   0.182 ratio= 4.709 parity=PASS
rope_llama3_s512             t=8   trial=3 base   native=   0.904 ort=   0.171 ratio= 5.288 parity=PASS
rope_llama3_s512             t=8   trial=4 base   native=   0.954 ort=   0.219 ratio= 4.365 parity=PASS
rope_llama3_s512             t=16  trial=0 base   native=   1.360 ort=   0.138 ratio= 9.846 parity=PASS
rope_llama3_s512             t=16  trial=1 base   native=   1.012 ort=   0.146 ratio= 6.939 parity=PASS
rope_llama3_s512             t=16  trial=2 base   native=   0.887 ort=   0.142 ratio= 6.260 parity=PASS
rope_llama3_s512             t=16  trial=3 base   native=   0.939 ort=   0.143 ratio= 6.591 parity=PASS
rope_llama3_s512             t=16  trial=4 base   native=   1.121 ort=   0.134 ratio= 8.345 parity=PASS

=== medians (native/ort ratio, lower is better) ===
rope_llama3_b8_s1            t=1    base: ratio_p50= 5.291 [5.093-5.614] native_p50=   0.098ms
rope_llama3_b8_s1            t=8    base: ratio_p50= 5.012 [4.365-5.599] native_p50=   0.094ms
rope_llama3_b8_s1            t=16   base: ratio_p50= 4.758 [3.492-5.069] native_p50=   0.095ms
rope_llama3_s1               t=1    base: ratio_p50= 6.903 [6.037-7.222] native_p50=   0.083ms
rope_llama3_s1               t=8    base: ratio_p50= 7.345 [6.797-7.698] native_p50=   0.086ms
rope_llama3_s1               t=16   base: ratio_p50= 7.363 [6.699-7.423] native_p50=   0.080ms
rope_llama3_s128             t=1    base: ratio_p50= 3.262 [3.054-3.347] native_p50=   0.499ms
rope_llama3_s128             t=8    base: ratio_p50=13.286 [11.555-14.653] native_p50=   0.573ms
rope_llama3_s128             t=16   base: ratio_p50=16.146 [14.837-17.555] native_p50=   0.668ms
rope_llama3_s512             t=1    base: ratio_p50= 2.171 [2.131-2.223] native_p50=   1.092ms
rope_llama3_s512             t=8    base: ratio_p50= 4.709 [4.365-5.654] native_p50=   0.856ms
rope_llama3_s512             t=16   base: ratio_p50= 6.939 [6.260-9.846] native_p50=   1.012ms
